// Jest Snapshot v1, https://goo.gl/fbAQLP

exports[`render component homepage 1`] = `
<div>
  <p>
    home page
  </p>
</div>
`;
